Integer addition
=================

Using ``add_integer``
----------------------

>>> add_integer = __import__('0-add_integer').add_integer

>>> add_integer(10)
108

>>> add_integer(10, 20)
30

>>> add_integer(7.0, 3.0)
10

>>> add_integer(6, 4.0)
10

>>> add_integer(None)
Traceback (most recent call last):
    ...
TypeError: a must be an integer

>>> add_integer("12")
Traceback (most recent call last):
    ...
TypeError: a must be an integer

>>> add_integer(24, "12")
Traceback (most recent call last):
    ...
TypeError: b must be an integer

>>> add_integer()
Traceback (most recent call last):
    ...
TypeError: add_integer() missing 1 required positional argument: 'a'

>>> add_integer(float('inf'))
Traceback (most recent call last):
    ...
OverflowError: cannot convert float infinity to integer

>>> add_integer(float('inf'), 3)
Traceback (most recent call last):
    ...
OverflowError: cannot convert float infinity to integer

>>> add_integer(float('nan'))
Traceback (most recent call last):
    ...
ValueError: cannot convert float NaN to integer

>>> add_integer(float('nan'), 3)
Traceback (most recent call last):
    ...
ValueError: cannot convert float NaN to integer
